Renesas Optimizing Linker (V3.05.00 )             18-Jan-2026 00:47:30

*** Options ***

-subcommand=LinkerRX26T_RMW_ICS_MTU_GPT_Sensorless_IHM16M1.tmp
-MAKEUD="C:\A_sw_workspace\e2s_workspace\e2workspace_202512\RX26T_RMW_ICS_MTU_GPT_Sensorless_IHM16M1\HardwareDebug/RX26T_RMW_ICS_MTU_GPT_Sensorless_IHM16M1_l.ud" 
-library="C:\A_sw_workspace\e2s_workspace\e2workspace_202512\RX26T_RMW_ICS_MTU_GPT_Sensorless_IHM16M1\app\rmw\ICS2_RX26T.lib" 
-library="C:\A_sw_workspace\e2s_workspace\e2workspace_202512\RX26T_RMW_ICS_MTU_GPT_Sensorless_IHM16M1\motor_module\current_rx\r_motor_current_bemf_observer.lib" 
-library="C:\A_sw_workspace\e2s_workspace\e2workspace_202512\RX26T_RMW_ICS_MTU_GPT_Sensorless_IHM16M1\motor_module\current_rx\r_motor_current_volt_err_comp.lib" 
-library="C:\A_sw_workspace\e2s_workspace\e2workspace_202512\RX26T_RMW_ICS_MTU_GPT_Sensorless_IHM16M1\motor_module\speed_rx\r_motor_speed_fluxwkn.lib" 
-library="C:\A_sw_workspace\e2s_workspace\e2workspace_202512\RX26T_RMW_ICS_MTU_GPT_Sensorless_IHM16M1\motor_module\speed_rx\r_motor_speed_opl_damp_ctrl.lib" 
-library="C:\A_sw_workspace\e2s_workspace\e2workspace_202512\RX26T_RMW_ICS_MTU_GPT_Sensorless_IHM16M1\motor_module\speed_rx\r_motor_speed_opl2less.lib" 
-noprelink 
-input=".\app/board_ui\r_app_board_ui.obj"
-input=".\app/board_ui\r_app_board_ui_ctrl_rx26t_mcilv1.obj"
-input=".\app/main\r_app_main.obj"
-input=".\app/rmw\r_app_rmw.obj"
-input=".\app/rmw\r_app_rmw_interrupt.obj"
-input=".\motor_module/Config_MOTOR\Config_MOTOR.obj"
-input=".\motor_module/Config_MOTOR\Config_MOTOR_user.obj"
-input=".\motor_module/current_rx\r_motor_current.obj"
-input=".\motor_module/current_rx\r_motor_current_api.obj"
-input=".\motor_module/current_rx\r_motor_current_modulation.obj"
-input=".\motor_module/current_rx\r_motor_current_pi_gain_calc.obj"
-input=".\motor_module/driver_rx\r_motor_driver.obj"
-input=".\motor_module/general\r_motor_filter.obj"
-input=".\motor_module/general\r_motor_pi_control.obj"
-input=".\motor_module/sensorless_vector_rx\r_motor_sensorless_vector_action.obj"
-input=".\motor_module/sensorless_vector_rx\r_motor_sensorless_vector_api.obj"
-input=".\motor_module/sensorless_vector_rx\r_motor_sensorless_vector_manager.obj"
-input=".\motor_module/sensorless_vector_rx\r_motor_sensorless_vector_protection.obj"
-input=".\motor_module/sensorless_vector_rx\r_motor_sensorless_vector_statemachine.obj"
-input=".\motor_module/speed_rx\r_motor_speed.obj"
-input=".\motor_module/speed_rx\r_motor_speed_api.obj"
-input=".\motor_module/speed_rx\r_motor_speed_pi_gain_calc.obj"
-input=".\src/smc_gen/Config_CMT0\Config_CMT0.obj"
-input=".\src/smc_gen/Config_CMT0\Config_CMT0_user.obj"
-input=".\src/smc_gen/Config_IWDT\Config_IWDT.obj"
-input=".\src/smc_gen/Config_IWDT\Config_IWDT_user.obj"
-input=".\src/smc_gen/Config_MTU3_MTU4\Config_MTU3_MTU4.obj"
-input=".\src/smc_gen/Config_MTU3_MTU4\Config_MTU3_MTU4_user.obj"
-input=".\src/smc_gen/Config_POE\Config_POE.obj"
-input=".\src/smc_gen/Config_POE\Config_POE_user.obj"
-input=".\src/smc_gen/Config_PORT\Config_PORT.obj"
-input=".\src/smc_gen/Config_PORT\Config_PORT_user.obj"
-input=".\src/smc_gen/Config_S12AD0\Config_S12AD0.obj"
-input=".\src/smc_gen/Config_S12AD0\Config_S12AD0_user.obj"
-input=".\src/smc_gen/Config_S12AD2\Config_S12AD2.obj"
-input=".\src/smc_gen/Config_S12AD2\Config_S12AD2_user.obj"
-input=".\src/smc_gen/general\r_cg_hardware_setup.obj"
-input=".\src/smc_gen/general\r_smc_cgc.obj"
-input=".\src/smc_gen/general\r_smc_cgc_user.obj"
-input=".\src/smc_gen/general\r_smc_interrupt.obj"
-input=".\src/smc_gen/r_bsp/board/generic_rx26t\hwsetup.obj"
-input=".\src/smc_gen/r_bsp/mcu/all\dbsct.obj"
-input=".\src/smc_gen/r_bsp/mcu/all\lowlvl.obj"
-input=".\src/smc_gen/r_bsp/mcu/all\lowsrc.obj"
-input=".\src/smc_gen/r_bsp/mcu/all\mcu_locks.obj"
-input=".\src/smc_gen/r_bsp/mcu/all\r_bsp_common.obj"
-input=".\src/smc_gen/r_bsp/mcu/all\r_bsp_cpu.obj"
-input=".\src/smc_gen/r_bsp/mcu/all\r_bsp_interrupts.obj"
-input=".\src/smc_gen/r_bsp/mcu/all\r_bsp_locking.obj"
-input=".\src/smc_gen/r_bsp/mcu/all\r_bsp_mcu_startup.obj"
-input=".\src/smc_gen/r_bsp/mcu/all\r_bsp_software_interrupt.obj"
-input=".\src/smc_gen/r_bsp/mcu/all\r_rx_intrinsic_functions.obj"
-input=".\src/smc_gen/r_bsp/mcu/all\resetprg.obj"
-input=".\src/smc_gen/r_bsp/mcu/all\sbrk.obj"
-input=".\src/smc_gen/r_bsp/mcu/rx26t\mcu_clocks.obj"
-input=".\src/smc_gen/r_bsp/mcu/rx26t\mcu_init.obj"
-input=".\src/smc_gen/r_bsp/mcu/rx26t\mcu_interrupts.obj"
-input=".\src/smc_gen/r_bsp/mcu/rx26t\mcu_mapped_interrupts.obj"
-input=".\src/smc_gen/r_bsp/mcu/rx26t\vecttbl.obj"
-input=".\src/smc_gen/r_pincfg\Pin.obj"
-library=".\RX26T_RMW_ICS_MTU_GPT_Sensorless_IHM16M1.lib"
-output="RX26T_RMW_ICS_MTU_GPT_Sensorless_IHM16M1.abs" 
-form=absolute 
-nomessage 
-vect=_undefined_interrupt_source_isr 
-list 
-show=all 
-nooptimize 
-start=BDTCTBL/0,SU,SI,B_1,R_1,B_2,R_2,B,R/0400,PResetPRG,C_1,C_2,C,C$*,D*,W*,L,P/0FFF80000,EXCEPTVECT/0FFFFFF80,RESETVECT/0FFFFFFFC 
-rom=D=R,D_1=R_1,D_2=R_2 
-cpu=RAM=00000000-0000ffff,FIX=00080000-00083fff,FIX=00086000-00087fff,FIX=00088000-0009ffff,FIX=000a0000-000a3fff,FIX=000a6000-000bffff,FIX=000c0000-000dffff,FIX=000e0000-000fffff,ROM=00100000-00103fff,RAM=00120040-001200af,FIX=007fb174-007fb177,FIX=007fb17c-007fb17f,FIX=007fb1e4-007fb1eb,FIX=007fe000-007fffff,ROM=fff80000-ffffffff 
-nologo

*** Error information ***

*** Mapping List ***

SECTION                            START      END         SIZE   ALIGN
BDTCTBL
                                  00000000  000003ff       400   4
SU
                                  00000400  000013ff      1000   4
SI
                                  00001400  000017ff       400   4
B_1
                                  00001800  00001847        48   1
R_1
                                  00001848  000018ac        65   1
B_2
                                  000018ae  000018cf        22   2
R_2
                                  000018d0  000018d7         8   2
B
                                  000018d8  000024d7       c00   4
R
                                  000024d8  0000263b       164   4
$ADDR_C_120040
                                  00120040  00120043         4   1
$ADDR_C_120048
                                  00120048  0012004b         4   1
$ADDR_C_120050
                                  00120050  0012006f        20   1
$ADDR_C_120090
                                  00120090  00120093         4   1
$ADDR_C_1200A0
                                  001200a0  001200a3         4   1
PResetPRG
                                  fff80000  fff80063        64   1
C_1
                                  fff80064  fff80064         0   1
C_2
                                  fff80064  fff80069         6   2
C
                                  fff8006c  fff801c7       15c   4
C$DSEC
                                  fff801c8  fff801eb        24   4
C$BSEC
                                  fff801ec  fff80203        18   4
C$VECT
                                  fff80204  fff80603       400   4
D_1
                                  fff80604  fff80668        65   1
D_2
                                  fff8066a  fff80671         8   2
D
                                  fff80674  fff807d7       164   4
W
                                  fff807d8  fff807d8         0   4
W_1
                                  fff807d8  fff807fb        24   1
W_2
                                  fff807fc  fff80813        18   2
L
                                  fff80814  fff80859        46   4
P
                                  fff8085a  fff85dec      5593   1
EXCEPTVECT
                                  ffffff80  fffffffb        7c   4
RESETVECT
                                  fffffffc  ffffffff         4   4

*** Total Section Size ***

RAMDATA SECTION:  0000263b Byte(s)
ROMDATA SECTION:  000008a1 Byte(s)
PROGRAM SECTION:  000055f7 Byte(s)

*** Symbol List ***

SECTION=
FILE=                               START        END    SIZE
  SYMBOL                            ADDR        SIZE    INFO      COUNTS  OPT
    STRUCT                                      SIZE
      MEMBER                        ADDR        SIZE    INFO

SECTION=BDTCTBL
FILE=.\app\main\r_app_main.obj
                                  00000000  000003ff       400
  _g_dtc_table
                                  00000000       400   data ,g         1

SECTION=SU
FILE=.\src\smc_gen\r_bsp\mcu\all\resetprg.obj
                                  00000400  000013ff      1000

SECTION=SI
FILE=.\src\smc_gen\r_bsp\mcu\all\resetprg.obj
                                  00001400  000017ff       400

SECTION=B_1
FILE=.\app\rmw\r_app_rmw.obj
                                  00001800  0000180b         c
  _gui_u1_active_gui
                                  00001800         1   data ,g         0
  _com_u1_system_mode
                                  00001801         1   data ,g         2
  _g_u1_system_mode
                                  00001802         1   data ,g         3
  _com_u1_enable_write
                                  00001803         1   data ,g         2
  _g_u1_enable_write
                                  00001804         1   data ,g         2
  _com_u1_sw_userif
                                  00001805         1   data ,g         2
  _g_u1_sw_userif
                                  00001806         1   data ,g         3
  _com_u1_ctrl_loop_mode
                                  00001807         1   data ,g         2
  _com_u1_flag_volt_err_comp_use
                                  00001808         1   data ,g         2
  _com_u1_flag_fluxwkn_use
                                  00001809         1   data ,g         2
  _com_u1_flag_less_switch_use
                                  0000180a         1   data ,g         2
  _com_u1_flag_openloop_damping_use
                                  0000180b         1   data ,g         2
FILE=.\src\smc_gen\r_bsp\mcu\all\lowsrc.obj
                                  0000180c  00001833        28
  _flmod
                                  0000180c        14   data ,g         3
  _sml_buf
                                  00001820        14   data ,g         0
FILE=ICS2_RX26T
                                  00001834  00001847        14
  _ics_wbuf
                                  00001834        12   data ,l         5
  _ics_rsum
                                  00001846         1   data ,l         1
  _ics_rcom
                                  00001847         1   data ,g         2

SECTION=R_1
FILE=.\app\board_ui\r_app_board_ui.obj
                                  00001848  00001849         2
  _s_u1_sw_cnt
                                  00001848         1   data ,l         1
  _s_u1_reset_req
                                  00001849         1   data ,l         1
FILE=.\app\rmw\r_app_rmw.obj
                                  0000184a  0000184b         2
  _g_u1_update_param_flag
                                  0000184a         1   data ,g         2
  _s_u1_cnt_ics
                                  0000184b         1   data ,l         1
FILE=.\motor_module\sensorless_vector_rx\r_motor_sensorless_vector_statemachine.obj
                                  0000184c  00001857         c
  _s_state_transition_table
                                  0000184c         c   data ,l         1
FILE=ICS2_RX26T
                                  00001858  0000185c         5
  _ics_rx_cnt
                                  00001858         1   data ,l         2
  _ics_even
                                  00001859         1   data ,l         2
  _ics_port
                                  0000185a         1   data ,l         2
  _ics_port_h4
                                  0000185b         1   data ,l         9
  _ics_tmode
                                  0000185c         1   data ,l         2
FILE=xfiles
                                  0000185d  000018ac        50
  _ebuf
                                  0000185d        50   data ,l         5

SECTION=B_2
FILE=.\app\main\r_app_main.obj
                                  000018ae  000018af         2
  _j
                                  000018ae         2   data ,g         1
FILE=.\app\rmw\r_app_rmw.obj
                                  000018b0  000018b5         6
  _g_u2_conf_sw_ver
                                  000018b0         2   data ,g         0
  _com_u2_offset_calc_time
                                  000018b2         2   data ,g         2
  _com_u2_mtr_pp
                                  000018b4         2   data ,g         2
FILE=.\src\smc_gen\r_bsp\mcu\all\r_bsp_cpu.obj
                                  000018b6  000018bd         8
  _s_protect_counters
                                  000018b6         8   data ,l         3
FILE=ICS2_RX26T
                                  000018be  000018cf        12
  _ics_tx
                                  000018be        12   data ,l         2

SECTION=R_2
FILE=.\app\rmw\r_app_rmw.obj
                                  000018d0  000018d5         6
  _g_u2_conf_hw
                                  000018d0         2   data ,g         0
  _g_u2_conf_sw
                                  000018d2         2   data ,g         0
  _g_u2_conf_tool
                                  000018d4         2   data ,g         0
FILE=ICS2_RX26T
                                  000018d6  000018d7         2
  _ics_wready
                                  000018d6         2   data ,l         3

SECTION=B
FILE=.\app\main\r_app_main.obj
                                  000018d8  000018db         4
  _i
                                  000018d8         4   data ,g         1
FILE=.\app\rmw\r_app_rmw.obj
                                  000018dc  000019e3       108
  _g_st_rmw_input_buffer
                                  000018dc        90   data ,g         2
    struct  {
                                                  90
      _g_st_rmw_input_buffer.u2_offset_calc_time
                                  000018dc         2   unsigned short
      _g_st_rmw_input_buffer.st_motor
                                  000018e0        1c
    struct  {
                                                  1c
      _g_st_rmw_input_buffer.st_motor.u2_mtr_pp
                                  000018e0         2   unsigned short
      _g_st_rmw_input_buffer.st_motor.f4_mtr_r
                                  000018e4         4   float
      _g_st_rmw_input_buffer.st_motor.f4_mtr_ld
                                  000018e8         4   float
      _g_st_rmw_input_buffer.st_motor.f4_mtr_lq
                                  000018ec         4   float
      _g_st_rmw_input_buffer.st_motor.f4_mtr_m
                                  000018f0         4   float
      _g_st_rmw_input_buffer.st_motor.f4_mtr_j
                                  000018f4         4   float
      _g_st_rmw_input_buffer.st_motor.f4_nominal_current_rms
                                  000018f8         4   float
    }
      _g_st_rmw_input_buffer.f4_max_speed_rpm
                                  000018fc         4   float
      _g_st_rmw_input_buffer.u1_ctrl_loop_mode
                                  00001900         1   unsigned char
      _g_st_rmw_input_buffer.f4_ol_ref_id
                                  00001904         4   float
      _g_st_rmw_input_buffer.f4_id_up_time
                                  00001908         4   float
      _g_st_rmw_input_buffer.f4_id_down_time
                                  0000190c         4   float
      _g_st_rmw_input_buffer.f4_id_down_speed_rpm
                                  00001910         4   float
      _g_st_rmw_input_buffer.f4_id_up_speed_rpm
                                  00001914         4   float
      _g_st_rmw_input_buffer.f4_current_omega_hz
                                  00001918         4   float
      _g_st_rmw_input_buffer.f4_current_zeta
                                  0000191c         4   float
      _g_st_rmw_input_buffer.f4_speed_omega_hz
                                  00001920         4   float
      _g_st_rmw_input_buffer.f4_speed_zeta
                                  00001924         4   float
      _g_st_rmw_input_buffer.f4_speed_lpf_hz
                                  00001928         4   float
      _g_st_rmw_input_buffer.f4_ref_speed_rpm
                                  0000192c         4   float
      _g_st_rmw_input_buffer.f4_speed_rate_limit_rpm
                                  00001930         4   float
      _g_st_rmw_input_buffer.f4_overspeed_limit_rpm
                                  00001934         4   float
      _g_st_rmw_input_buffer.u1_flag_volt_err_comp_use
                                  00001938         1   unsigned char
      _g_st_rmw_input_buffer.u1_flag_fluxwkn_use
                                  00001939         1   unsigned char
      _g_st_rmw_input_buffer.f4_e_obs_omega_hz
                                  0000193c         4   float
      _g_st_rmw_input_buffer.f4_e_obs_zeta
                                  00001940         4   float
      _g_st_rmw_input_buffer.f4_pll_est_omega_hz
                                  00001944         4   float
      _g_st_rmw_input_buffer.f4_pll_est_zeta
                                  00001948         4   float
      _g_st_rmw_input_buffer.u1_flag_less_switch_use
                                  0000194c         1   unsigned char
      _g_st_rmw_input_buffer.f4_switch_phase_err_deg
                                  00001950         4   float
      _g_st_rmw_input_buffer.f4_opl2less_sw_time
                                  00001954         4   float
      _g_st_rmw_input_buffer.f4_phase_err_lpf_cut_freq
                                  00001958         4   float
      _g_st_rmw_input_buffer.u1_flag_openloop_damping_use
                                  0000195c         1   unsigned char
      _g_st_rmw_input_buffer.f4_ed_hpf_omega
                                  00001960         4   float
      _g_st_rmw_input_buffer.f4_ol_damping_zeta
                                  00001964         4   float
      _g_st_rmw_input_buffer.f4_ol_damping_fb_limit_rate
                                  00001968         4   float
    }
  _com_f4_mtr_r
                                  0000196c         4   data ,g         2
  _com_f4_mtr_ld
                                  00001970         4   data ,g         2
  _com_f4_mtr_lq
                                  00001974         4   data ,g         2
  _com_f4_mtr_m
                                  00001978         4   data ,g         2
  _com_f4_mtr_j
                                  0000197c         4   data ,g         2
  _com_f4_nominal_current_rms
                                  00001980         4   data ,g         2
  _com_f4_max_speed_rpm
                                  00001984         4   data ,g         3
  _com_f4_ol_ref_id
                                  00001988         4   data ,g         2
  _com_f4_id_up_time
                                  0000198c         4   data ,g         2
  _com_f4_id_down_time
                                  00001990         4   data ,g         2
  _com_f4_id_down_speed_rpm
                                  00001994         4   data ,g         2
  _com_f4_id_up_speed_rpm
                                  00001998         4   data ,g         2
  _com_f4_current_omega_hz
                                  0000199c         4   data ,g         3
  _com_f4_current_zeta
                                  000019a0         4   data ,g         2
  _com_f4_speed_omega_hz
                                  000019a4         4   data ,g         3
  _com_f4_speed_zeta
                                  000019a8         4   data ,g         2
  _com_f4_speed_lpf_hz
                                  000019ac         4   data ,g         2
  _com_f4_ref_speed_rpm
                                  000019b0         4   data ,g         4
  _com_f4_speed_rate_limit_rpm
                                  000019b4         4   data ,g         2
  _com_f4_overspeed_limit_rpm
                                  000019b8         4   data ,g         2
  _com_f4_e_obs_omega_hz
                                  000019bc         4   data ,g         2
  _com_f4_e_obs_zeta
                                  000019c0         4   data ,g         2
  _com_f4_pll_est_omega_hz
                                  000019c4         4   data ,g         2
  _com_f4_pll_est_zeta
                                  000019c8         4   data ,g         2
  _com_f4_switch_phase_err_deg
                                  000019cc         4   data ,g         2
  _com_f4_opl2less_sw_time
                                  000019d0         4   data ,g         2
  _com_f4_phase_err_lpf_cut_freq
                                  000019d4         4   data ,g         2
  _com_f4_ed_hpf_omega
                                  000019d8         4   data ,g         2
  _com_f4_ol_damping_zeta
                                  000019dc         4   data ,g         2
  _com_f4_ol_damping_fb_limit_rate
                                  000019e0         4   data ,g         2
FILE=.\motor_module\current_rx\r_motor_current_api.obj
                                  000019e4  00001ba3       1c0
  _g_st_cc
                                  000019e4       1c0   data ,g         4
    struct  {
                                                 1c0
      _g_st_cc.u1_active
                                  000019e4         1   unsigned char
      _g_st_cc.u1_flag_volt_err_comp_use
                                  000019e5         1   unsigned char
      _g_st_cc.u1_state_id_ref
                                  000019e6         1   unsigned char
      _g_st_cc.u1_state_iq_ref
                                  000019e7         1   unsigned char
      _g_st_cc.u1_flag_offset_calc
                                  000019e8         1   unsigned char
      _g_st_cc.u2_offset_calc_time
                                  000019ea         2   unsigned short
      _g_st_cc.u2_crnt_offset_cnt
                                  000019ec         2   unsigned short
      _g_st_cc.f4_ctrl_period
                                  000019f0         4   float
      _g_st_cc.f4_refu
                                  000019f4         4   float
      _g_st_cc.f4_refv
                                  000019f8         4   float
      _g_st_cc.f4_refw
                                  000019fc         4   float
      _g_st_cc.f4_vd_ref
                                  00001a00         4   float
      _g_st_cc.f4_vq_ref
                                  00001a04         4   float
      _g_st_cc.f4_id_ref
                                  00001a08         4   float
      _g_st_cc.f4_iq_ref
                                  00001a0c         4   float
      _g_st_cc.f4_id_ad
                                  00001a10         4   float
      _g_st_cc.f4_iq_ad
                                  00001a14         4   float
      _g_st_cc.f4_lim_iq
                                  00001a18         4   float
      _g_st_cc.f4_offset_iu
                                  00001a1c         4   float
      _g_st_cc.f4_offset_iw
                                  00001a20         4   float
      _g_st_cc.f4_sum_iu_ad
                                  00001a24         4   float
      _g_st_cc.f4_sum_iw_ad
                                  00001a28         4   float
      _g_st_cc.f4_vdc_ad
                                  00001a2c         4   float
      _g_st_cc.f4_iu_ad
                                  00001a30         4   float
      _g_st_cc.f4_iv_ad
                                  00001a34         4   float
      _g_st_cc.f4_iw_ad
                                  00001a38         4   float
      _g_st_cc.f4_modu
                                  00001a3c         4   float
      _g_st_cc.f4_modv
                                  00001a40         4   float
      _g_st_cc.f4_modw
                                  00001a44         4   float
      _g_st_cc.f4_speed_rad
                                  00001a48         4   float
      _g_st_cc.f4_ref_id_ctrl
                                  00001a4c         4   float
      _g_st_cc.f4_ref_iq_ctrl
                                  00001a50         4   float
      _g_st_cc.f4_id_up_step
                                  00001a54         4   float
      _g_st_cc.f4_id_down_step
                                  00001a58         4   float
      _g_st_cc.f4_iq_down_step
                                  00001a5c         4   float
      _g_st_cc.f4_iq_down_step_time_inv
                                  00001a60         4   float
      _g_st_cc.f4_ol_ref_id
                                  00001a64         4   float
      _g_st_cc.f4_va_max
                                  00001a68         4   float
      _g_st_cc.f4_ed
                                  00001a6c         4   float
      _g_st_cc.f4_eq
                                  00001a70         4   float
      _g_st_cc.f4_phase_err_rad
                                  00001a74         4   float
      _g_st_cc.f4_ol_speed_rad
                                  00001a78         4   float
      _g_st_cc.st_mod
                                  00001a7c        18
    struct  {
                                                  18
      _g_st_cc.st_mod.f4_vdc
                                  00001a7c         4   float
      _g_st_cc.st_mod.f4_1_div_vdc
                                  00001a80         4   float
      _g_st_cc.st_mod.f4_voltage_error_ratio
                                  00001a84         4   float
      _g_st_cc.st_mod.f4_max_duty
                                  00001a88         4   float
      _g_st_cc.st_mod.f4_min_duty
                                  00001a8c         4   float
      _g_st_cc.st_mod.f4_neutral_duty
                                  00001a90         4   float
    }
      _g_st_cc.st_volt_comp
                                  00001a94        74
    struct  {
                                                  74
      _g_st_cc.st_volt_comp.f4_comp_v
                                  00001a94        14   float
      _g_st_cc.st_volt_comp.f4_comp_i
                                  00001aa8        14   float
      _g_st_cc.st_volt_comp.f4_slope
                                  00001abc        18   float
      _g_st_cc.st_volt_comp.f4_intcept
                                  00001ad4        18   float
      _g_st_cc.st_volt_comp.f4_volt_comp_array
                                  00001aec         c   float
      _g_st_cc.st_volt_comp.f4_vdc
                                  00001af8         4   float
      _g_st_cc.st_volt_comp.f4_volt_comp_limit
                                  00001afc         4   float
      _g_st_cc.st_volt_comp.f4_volt_comp_limit_ratio
                                  00001b00         4   float
      _g_st_cc.st_volt_comp.u1_volt_err_comp_enable
                                  00001b04         1   unsigned char
      _g_st_cc.st_volt_comp.u1_volt_comp_use_motor_type
                                  00001b05         1   unsigned char
    }
      _g_st_cc.st_bemf_observer
                                  00001b08        40
    struct  {
                                                  40
      _g_st_cc.st_bemf_observer.f4_dt
                                  00001b08         4   float
      _g_st_cc.st_bemf_observer.p_st_motor
                                  00001b0c         4   [pointer]
      _g_st_cc.st_bemf_observer.st_d_axis
                                  00001b10        1c
    struct  {
                                                  1c
      _g_st_cc.st_bemf_observer.st_d_axis.f4_k_e_obs_1
                                  00001b10         4   float
      _g_st_cc.st_bemf_observer.st_d_axis.f4_k_e_obs_2
                                  00001b14         4   float
      _g_st_cc.st_bemf_observer.st_d_axis.f4_i_pre
                                  00001b18         4   float
      _g_st_cc.st_bemf_observer.st_d_axis.f4_i_est_pre
                                  00001b1c         4   float
      _g_st_cc.st_bemf_observer.st_d_axis.f4_d_est
                                  00001b20         4   float
      _g_st_cc.st_bemf_observer.st_d_axis.f4_d_est_pre
                                  00001b24         4   float
      _g_st_cc.st_bemf_observer.st_d_axis.f4_d_est_limit
                                  00001b28         4   float
    }
      _g_st_cc.st_bemf_observer.st_q_axis
                                  00001b2c        1c
    struct  {
                                                  1c
      _g_st_cc.st_bemf_observer.st_q_axis.f4_k_e_obs_1
                                  00001b2c         4   float
      _g_st_cc.st_bemf_observer.st_q_axis.f4_k_e_obs_2
                                  00001b30         4   float
      _g_st_cc.st_bemf_observer.st_q_axis.f4_i_pre
                                  00001b34         4   float
      _g_st_cc.st_bemf_observer.st_q_axis.f4_i_est_pre
                                  00001b38         4   float
      _g_st_cc.st_bemf_observer.st_q_axis.f4_d_est
                                  00001b3c         4   float
      _g_st_cc.st_bemf_observer.st_q_axis.f4_d_est_pre
                                  00001b40         4   float
      _g_st_cc.st_bemf_observer.st_q_axis.f4_d_est_limit
                                  00001b44         4   float
    }
    }
      _g_st_cc.st_pll_est
                                  00001b48         c
    struct  {
                                                   c
      _g_st_cc.st_pll_est.f4_kp_est_speed
                                  00001b48         4   float
      _g_st_cc.st_pll_est.f4_ki_est_speed
                                  00001b4c         4   float
      _g_st_cc.st_pll_est.f4_i_est_speed
                                  00001b50         4   float
    }
      _g_st_cc.st_pi_id
                                  00001b54        14
    struct  {
                                                  14
      _g_st_cc.st_pi_id.f4_err
                                  00001b54         4   float
      _g_st_cc.st_pi_id.f4_kp
                                  00001b58         4   float
      _g_st_cc.st_pi_id.f4_ki
                                  00001b5c         4   float
      _g_st_cc.st_pi_id.f4_refi
                                  00001b60         4   float
      _g_st_cc.st_pi_id.f4_ilimit
                                  00001b64         4   float
    }
      _g_st_cc.st_pi_iq
                                  00001b68        14
    struct  {
                                                  14
      _g_st_cc.st_pi_iq.f4_err
                                  00001b68         4   float
      _g_st_cc.st_pi_iq.f4_kp
                                  00001b6c         4   float
      _g_st_cc.st_pi_iq.f4_ki
                                  00001b70         4   float
      _g_st_cc.st_pi_iq.f4_refi
                                  00001b74         4   float
      _g_st_cc.st_pi_iq.f4_ilimit
                                  00001b78         4   float
    }
      _g_st_cc.st_rotor_angle
                                  00001b7c         c
    struct  {
                                                   c
      _g_st_cc.st_rotor_angle.f4_rotor_angle_rad
                                  00001b7c         4   float
      _g_st_cc.st_rotor_angle.f4_sin
                                  00001b80         4   float
      _g_st_cc.st_rotor_angle.f4_cos
                                  00001b84         4   float
    }
      _g_st_cc.st_motor
                                  00001b88        1c
    struct  {
                                                  1c
      _g_st_cc.st_motor.u2_mtr_pp
                                  00001b88         2   unsigned short
      _g_st_cc.st_motor.f4_mtr_r
                                  00001b8c         4   float
      _g_st_cc.st_motor.f4_mtr_ld
                                  00001b90         4   float
      _g_st_cc.st_motor.f4_mtr_lq
                                  00001b94         4   float
      _g_st_cc.st_motor.f4_mtr_m
                                  00001b98         4   float
      _g_st_cc.st_motor.f4_mtr_j
                                  00001b9c         4   float
      _g_st_cc.st_motor.f4_nominal_current_rms
                                  00001ba0         4   float
    }
    }
FILE=.\motor_module\driver_rx\r_motor_driver.obj
                                  00001ba4  00001bc3        20
  _g_st_driver
                                  00001ba4        20   data ,g         2
    struct st_motor_driver {
                                                  20
      _g_st_driver.ADCDataGet
                                  00001ba4         4   [pointer]
      _g_st_driver.BLDCDutySet
                                  00001ba8         4   [pointer]
      _g_st_driver.PWMOutputStop
                                  00001bac         4   [pointer]
      _g_st_driver.PWMOutputStart
                                  00001bb0         4   [pointer]
      _g_st_driver.f4_ad_crnt_per_digit
                                  00001bb4         4   float
      _g_st_driver.f4_ad_vdc_per_digit
                                  00001bb8         4   float
      _g_st_driver.f4_pwm_period_cnt
                                  00001bbc         4   float
      _g_st_driver.f4_pwm_dead_time_cnt
                                  00001bc0         4   float
    }
FILE=.\motor_module\sensorless_vector_rx\r_motor_sensorless_vector_api.obj
                                  00001bc4  00001c87        c4
  _g_st_sensorless_vector
                                  00001bc4        c4   data ,g         b
    struct  {
                                                  c4
      _g_st_sensorless_vector.u1_flag_less_switch_use
                                  00001bc4         1   unsigned char
      _g_st_sensorless_vector.u1_flag_openloop_damping_use
                                  00001bc5         1   unsigned char
      _g_st_sensorless_vector.u1_flag_down_to_ol
                                  00001bc6         1   unsigned char
      _g_st_sensorless_vector.u1_state_id_ref
                                  00001bc7         1   unsigned char
      _g_st_sensorless_vector.u1_state_iq_ref
                                  00001bc8         1   unsigned char
      _g_st_sensorless_vector.u1_state_speed_ref
                                  00001bc9         1   unsigned char
      _g_st_sensorless_vector.u1_direction
                                  00001bca         1   unsigned char
      _g_st_sensorless_vector.u1_ctrl_loop_mode
                                  00001bcb         1   unsigned char
      _g_st_sensorless_vector.u2_error_status
                                  00001bcc         2   unsigned short
      _g_st_sensorless_vector.u2_run_mode
                                  00001bce         2   unsigned short
      _g_st_sensorless_vector.f4_vdc_ad
                                  00001bd0         4   float
      _g_st_sensorless_vector.f4_iu_ad
                                  00001bd4         4   float
      _g_st_sensorless_vector.f4_iv_ad
                                  00001bd8         4   float
      _g_st_sensorless_vector.f4_iw_ad
                                  00001bdc         4   float
      _g_st_sensorless_vector.f4_overcurrent_limit
                                  00001be0         4   float
      _g_st_sensorless_vector.f4_overvoltage_limit
                                  00001be4         4   float
      _g_st_sensorless_vector.f4_undervoltage_limit
                                  00001be8         4   float
      _g_st_sensorless_vector.f4_overspeed_limit_rad
                                  00001bec         4   float
      _g_st_sensorless_vector.f4_phase_err_rad_lpf
                                  00001bf0         4   float
      _g_st_sensorless_vector.f4_switch_phase_err_rad
                                  00001bf4         4   float
      _g_st_sensorless_vector.f4_id_down_speed_rad
                                  00001bf8         4   float
      _g_st_sensorless_vector.f4_id_up_speed_rad
                                  00001bfc         4   float
      _g_st_sensorless_vector.f4_damp_comp_speed
                                  00001c00         4   float
      _g_st_sensorless_vector.f4_ol_speed_rad
                                  00001c04         4   float
      _g_st_sensorless_vector.st_phase_err_lpf
                                  00001c08        14
    struct  {
                                                  14
      _g_st_sensorless_vector.st_phase_err_lpf.f4_pre_output
                                  00001c08         4   float
      _g_st_sensorless_vector.st_phase_err_lpf.f4_pre_input
                                  00001c0c         4   float
      _g_st_sensorless_vector.st_phase_err_lpf.f4_omega_t
                                  00001c10         4   float
      _g_st_sensorless_vector.st_phase_err_lpf.f4_gain_ka
                                  00001c14         4   float
      _g_st_sensorless_vector.st_phase_err_lpf.f4_gain_kb
                                  00001c18         4   float
    }
      _g_st_sensorless_vector.st_current_output
                                  00001c1c        2c
    struct  {
                                                  2c
      _g_st_sensorless_vector.st_current_output.u1_flag_offset_calc
                                  00001c1c         1   unsigned char
      _g_st_sensorless_vector.st_current_output.f4_modu
                                  00001c20         4   float
      _g_st_sensorless_vector.st_current_output.f4_modv
                                  00001c24         4   float
      _g_st_sensorless_vector.st_current_output.f4_modw
                                  00001c28         4   float
      _g_st_sensorless_vector.st_current_output.f4_neutral_duty
                                  00001c2c         4   float
      _g_st_sensorless_vector.st_current_output.f4_va_max
                                  00001c30         4   float
      _g_st_sensorless_vector.st_current_output.f4_ref_id_ctrl
                                  00001c34         4   float
      _g_st_sensorless_vector.st_current_output.f4_speed_rad
                                  00001c38         4   float
      _g_st_sensorless_vector.st_current_output.f4_ed
                                  00001c3c         4   float
      _g_st_sensorless_vector.st_current_output.f4_eq
                                  00001c40         4   float
      _g_st_sensorless_vector.st_current_output.f4_phase_err_rad
                                  00001c44         4   float
    }
      _g_st_sensorless_vector.st_speed_output
                                  00001c48        10
    struct  {
                                                  10
      _g_st_sensorless_vector.st_speed_output.f4_id_ref
                                  00001c48         4   float
      _g_st_sensorless_vector.st_speed_output.f4_iq_ref
                                  00001c4c         4   float
      _g_st_sensorless_vector.st_speed_output.f4_ref_speed_rad_ctrl
                                  00001c50         4   float
      _g_st_sensorless_vector.st_speed_output.f4_speed_rad_lpf
                                  00001c54         4   float
    }
      _g_st_sensorless_vector.st_stm
                                  00001c58         6
    struct  {
                                                   6
      _g_st_sensorless_vector.st_stm.u1_status
                                  00001c58         1   unsigned char
      _g_st_sensorless_vector.st_stm.u1_status_next
                                  00001c59         1   unsigned char
      _g_st_sensorless_vector.st_stm.u2_error_status
                                  00001c5a         2   unsigned short
      _g_st_sensorless_vector.st_stm.u1_current_event
                                  00001c5c         1   unsigned char
    }
      _g_st_sensorless_vector.st_motor
                                  00001c60        1c
    struct  {
                                                  1c
      _g_st_sensorless_vector.st_motor.u2_mtr_pp
                                  00001c60         2   unsigned short
      _g_st_sensorless_vector.st_motor.f4_mtr_r
                                  00001c64         4   float
      _g_st_sensorless_vector.st_motor.f4_mtr_ld
                                  00001c68         4   float
      _g_st_sensorless_vector.st_motor.f4_mtr_lq
                                  00001c6c         4   float
      _g_st_sensorless_vector.st_motor.f4_mtr_m
                                  00001c70         4   float
      _g_st_sensorless_vector.st_motor.f4_mtr_j
                                  00001c74         4   float
      _g_st_sensorless_vector.st_motor.f4_nominal_current_rms
                                  00001c78         4   float
    }
      _g_st_sensorless_vector.p_st_driver
                                  00001c7c         4   [pointer]
      _g_st_sensorless_vector.p_st_cc
                                  00001c80         4   [pointer]
      _g_st_sensorless_vector.p_st_sc
                                  00001c84         4   [pointer]
    }
FILE=.\motor_module\speed_rx\r_motor_speed_api.obj
                                  00001c88  00001d47        c0
  _g_st_sc
                                  00001c88        c0   data ,g         4
    struct  {
                                                  c0
      _g_st_sc.u1_active
                                  00001c88         1   unsigned char
      _g_st_sc.u1_state_speed_ref
                                  00001c89         1   unsigned char
      _g_st_sc.u1_flag_fluxwkn_use
                                  00001c8a         1   unsigned char
      _g_st_sc.u1_flag_switching
                                  00001c8b         1   unsigned char
      _g_st_sc.f4_speed_ctrl_period
                                  00001c8c         4   float
      _g_st_sc.f4_ref_speed_rad_ctrl
                                  00001c90         4   float
      _g_st_sc.f4_ref_speed_rad
                                  00001c94         4   float
      _g_st_sc.f4_ref_speed_rad_manual
                                  00001c98         4   float
      _g_st_sc.f4_speed_rad_ctrl
                                  00001c9c         4   float
      _g_st_sc.f4_speed_rad
                                  00001ca0         4   float
      _g_st_sc.f4_max_speed_rad
                                  00001ca4         4   float
      _g_st_sc.f4_speed_rate_limit_rad
                                  00001ca8         4   float
      _g_st_sc.f4_id_ref_output
                                  00001cac         4   float
      _g_st_sc.f4_iq_ref_output
                                  00001cb0         4   float
      _g_st_sc.f4_va_max
                                  00001cb4         4   float
      _g_st_sc.f4_id_ad
                                  00001cb8         4   float
      _g_st_sc.f4_iq_ad
                                  00001cbc         4   float
      _g_st_sc.f4_opl2less_sw_time
                                  00001cc0         4   float
      _g_st_sc.f4_torque_current
                                  00001cc4         4   float
      _g_st_sc.st_motor
                                  00001cc8        1c
    struct  {
                                                  1c
      _g_st_sc.st_motor.u2_mtr_pp
                                  00001cc8         2   unsigned short
      _g_st_sc.st_motor.f4_mtr_r
                                  00001ccc         4   float
      _g_st_sc.st_motor.f4_mtr_ld
                                  00001cd0         4   float
      _g_st_sc.st_motor.f4_mtr_lq
                                  00001cd4         4   float
      _g_st_sc.st_motor.f4_mtr_m
                                  00001cd8         4   float
      _g_st_sc.st_motor.f4_mtr_j
                                  00001cdc         4   float
      _g_st_sc.st_motor.f4_nominal_current_rms
                                  00001ce0         4   float
    }
      _g_st_sc.st_pi_speed
                                  00001ce4        14
    struct  {
                                                  14
      _g_st_sc.st_pi_speed.f4_err
                                  00001ce4         4   float
      _g_st_sc.st_pi_speed.f4_kp
                                  00001ce8         4   float
      _g_st_sc.st_pi_speed.f4_ki
                                  00001cec         4   float
      _g_st_sc.st_pi_speed.f4_refi
                                  00001cf0         4   float
      _g_st_sc.st_pi_speed.f4_ilimit
                                  00001cf4         4   float
    }
      _g_st_sc.st_fluxwkn
                                  00001cf8        20
    struct  {
                                                  20
      _g_st_sc.st_fluxwkn.p_motor
                                  00001cf8         4   [pointer]
      _g_st_sc.st_fluxwkn.f4_ia_max
                                  00001cfc         4   float
      _g_st_sc.st_fluxwkn.f4_va_max
                                  00001d00         4   float
      _g_st_sc.st_fluxwkn.f4_vfw_ratio
                                  00001d04         4   float
      _g_st_sc.st_fluxwkn.f4_id_demag
                                  00001d08         4   float
      _g_st_sc.st_fluxwkn.f4_id_min
                                  00001d0c         4   float
      _g_st_sc.st_fluxwkn.f4_v_fw
                                  00001d10         4   float
      _g_st_sc.st_fluxwkn.u2_fw_status
                                  00001d14         2   unsigned short
    }
      _g_st_sc.st_opl_damp
                                  00001d18        1c
    struct  {
                                                  1c
      _g_st_sc.st_opl_damp.st_ed_lpf
                                  00001d18        14
    struct  {
                                                  14
      _g_st_sc.st_opl_damp.st_ed_lpf.f4_pre_output
                                  00001d18         4   float
      _g_st_sc.st_opl_damp.st_ed_lpf.f4_pre_input
                                  00001d1c         4   float
      _g_st_sc.st_opl_damp.st_ed_lpf.f4_omega_t
                                  00001d20         4   float
      _g_st_sc.st_opl_damp.st_ed_lpf.f4_gain_ka
                                  00001d24         4   float
      _g_st_sc.st_opl_damp.st_ed_lpf.f4_gain_kb
                                  00001d28         4   float
    }
      _g_st_sc.st_opl_damp.f4_damp_comp_gain
                                  00001d2c         4   float
      _g_st_sc.st_opl_damp.f4_fb_speed_limit_rate
                                  00001d30         4   float
    }
      _g_st_sc.st_slpf
                                  00001d34        14
    struct  {
                                                  14
      _g_st_sc.st_slpf.f4_pre_output
                                  00001d34         4   float
      _g_st_sc.st_slpf.f4_pre_input
                                  00001d38         4   float
      _g_st_sc.st_slpf.f4_omega_t
                                  00001d3c         4   float
      _g_st_sc.st_slpf.f4_gain_ka
                                  00001d40         4   float
      _g_st_sc.st_slpf.f4_gain_kb
                                  00001d44         4   float
    }
    }
FILE=.\src\smc_gen\r_bsp\mcu\all\lowsrc.obj
                                  00001d48  00001d97        50
  __Files
                                  00001d48        50   data ,g         5
FILE=.\src\smc_gen\r_bsp\mcu\all\mcu_locks.obj
                                  00001d98  00001f3b       1a4
  _g_bsp_Locks
                                  00001d98       1a4   data ,g         3
    struct  {
                                                   4
      _g_bsp_Locks.lock
                                  00001d98         4   long
    }
FILE=.\src\smc_gen\r_bsp\mcu\all\r_bsp_interrupts.obj
                                  00001f3c  00002067       12c
  _g_bsp_vectors
                                  00001f3c       12c   data ,l         4
FILE=.\src\smc_gen\r_bsp\mcu\all\sbrk.obj
                                  00002068  0000246b       404
  __s1ptr
                                  00002068         4   data ,g         0
  _s_heap_area
                                  0000206c       400   data ,l         2
    union   {
                                                 400
      _s_heap_area.dummy
                                  0000206c         4   long
      _s_heap_area.heap
                                  0000206c       400   signed char
    }
FILE=ICS2_RX26T
                                  0000246c  000024d3        68
  _ics_waddr
                                  0000246c        30   data ,l         3
  _ics_buf2nd
                                  0000249c        20   data ,l         1
  _ics_data1
                                  000024bc         4   data ,l         2
  _ics_data2
                                  000024c0         4   data ,l         2
  _ics_dtc_tx
                                  000024c4        10   data ,g         2
FILE=_errno
                                  000024d4  000024d7         4
  __errno
                                  000024d4         4   data ,g         5

SECTION=R
FILE=.\motor_module\sensorless_vector_rx\r_motor_sensorless_vector_statemachine.obj
                                  000024d8  00002507        30
  _s_action_table
                                  000024d8        30   data ,l         1
FILE=.\src\smc_gen\r_bsp\mcu\all\lowsrc.obj
                                  00002508  0000251b        14
  _env_list
                                  00002508        10   data ,g         1
  _environ
                                  00002518         4   data ,g         0
FILE=.\src\smc_gen\r_bsp\mcu\all\sbrk.obj
                                  0000251c  0000251f         4
  _sp_brk
                                  0000251c         4   data ,l         1
FILE=xfiles
                                  00002520  000025f7        d8
  __Stdin
                                  00002520        48   data ,g         8
    struct _Dnk_filet {
                                                  48
      __Stdin._Mode
                                  00002520         2   unsigned short
      __Stdin._Idx
                                  00002522         1   unsigned char
      __Stdin._Handle
                                  00002523         1   signed char
      __Stdin._Buf
                                  00002524         4   [pointer]
      __Stdin._Bend
                                  00002528         4   [pointer]
      __Stdin._Next
                                  0000252c         4   [pointer]
      __Stdin._Rend
                                  00002530         4   [pointer]
      __Stdin._Wend
                                  00002534         4   [pointer]
      __Stdin._Rback
                                  00002538         4   [pointer]
      __Stdin._WRback
                                  0000253c         4   [pointer]
      __Stdin._WBack
                                  00002540         4   unsigned short
      __Stdin._Rsave
                                  00002544         4   [pointer]
      __Stdin._WRend
                                  00002548         4   [pointer]
      __Stdin._WWend
                                  0000254c         4   [pointer]
      __Stdin._Wstate
                                  00002550         8
    struct _Mbstatet {
                                                   8
      __Stdin._Wstate._Wchar
                                  00002550         4   unsigned long
      __Stdin._Wstate._Byte
                                  00002554         2   unsigned short
      __Stdin._Wstate._State
                                  00002556         2   unsigned short
    }
      __Stdin._Tmpnam
                                  00002558         4   [pointer]
      __Stdin._Back
                                  0000255c         8   unsigned char
      __Stdin._Cbuf
                                  00002564         1   unsigned char
    }
  __Stdout
                                  00002568        48   data ,g         8
    struct _Dnk_filet {
                                                  48
      __Stdout._Mode
                                  00002568         2   unsigned short
      __Stdout._Idx
                                  0000256a         1   unsigned char
      __Stdout._Handle
                                  0000256b         1   signed char
      __Stdout._Buf
                                  0000256c         4   [pointer]
      __Stdout._Bend
                                  00002570         4   [pointer]
      __Stdout._Next
                                  00002574         4   [pointer]
      __Stdout._Rend
                                  00002578         4   [pointer]
      __Stdout._Wend
                                  0000257c         4   [pointer]
      __Stdout._Rback
                                  00002580         4   [pointer]
      __Stdout._WRback
                                  00002584         4   [pointer]
      __Stdout._WBack
                                  00002588         4   unsigned short
      __Stdout._Rsave
                                  0000258c         4   [pointer]
      __Stdout._WRend
                                  00002590         4   [pointer]
      __Stdout._WWend
                                  00002594         4   [pointer]
      __Stdout._Wstate
                                  00002598         8
    struct _Mbstatet {
                                                   8
      __Stdout._Wstate._Wchar
                                  00002598         4   unsigned long
      __Stdout._Wstate._Byte
                                  0000259c         2   unsigned short
      __Stdout._Wstate._State
                                  0000259e         2   unsigned short
    }
      __Stdout._Tmpnam
                                  000025a0         4   [pointer]
      __Stdout._Back
                                  000025a4         8   unsigned char
      __Stdout._Cbuf
                                  000025ac         1   unsigned char
    }
  __Stderr
                                  000025b0        48   data ,g         3
    struct _Dnk_filet {
                                                  48
      __Stderr._Mode
                                  000025b0         2   unsigned short
      __Stderr._Idx
                                  000025b2         1   unsigned char
      __Stderr._Handle
                                  000025b3         1   signed char
      __Stderr._Buf
                                  000025b4         4   [pointer]
      __Stderr._Bend
                                  000025b8         4   [pointer]
      __Stderr._Next
                                  000025bc         4   [pointer]
      __Stderr._Rend
                                  000025c0         4   [pointer]
      __Stderr._Wend
                                  000025c4         4   [pointer]
      __Stderr._Rback
                                  000025c8         4   [pointer]
      __Stderr._WRback
                                  000025cc         4   [pointer]
      __Stderr._WBack
                                  000025d0         4   unsigned short
      __Stderr._Rsave
                                  000025d4         4   [pointer]
      __Stderr._WRend
                                  000025d8         4   [pointer]
      __Stderr._WWend
                                  000025dc         4   [pointer]
      __Stderr._Wstate
                                  000025e0         8
    struct _Mbstatet {
                                                   8
      __Stderr._Wstate._Wchar
                                  000025e0         4   unsigned long
      __Stderr._Wstate._Byte
                                  000025e4         2   unsigned short
      __Stderr._Wstate._State
                                  000025e6         2   unsigned short
    }
      __Stderr._Tmpnam
                                  000025e8         4   [pointer]
      __Stderr._Back
                                  000025ec         8   unsigned char
      __Stderr._Cbuf
                                  000025f4         1   unsigned char
    }
FILE=sincosfsub
                                  000025f8  00002633        3c
  _sinf_coeff
                                  000025f8        10   data ,l         1
  _cosf_coeff
                                  00002608        10   data ,l         1
  _pi4ptr_table
                                  00002618         c   data ,l         1
  _sub_table
                                  00002624        10   data ,l         1
FILE=malloc
                                  00002634  0000263b         8
  __Aldata
                                  00002634         8   data ,g         3

SECTION=$ADDR_C_120040
FILE=.\src\smc_gen\r_bsp\mcu\rx26t\vecttbl.obj
                                  00120040  00120043         4
  ___SPCCreg
                                  00120040         4   data ,g         0

SECTION=$ADDR_C_120048
FILE=.\src\smc_gen\r_bsp\mcu\rx26t\vecttbl.obj
                                  00120048  0012004b         4
  ___TMEFreg
                                  00120048         4   data ,g         0

SECTION=$ADDR_C_120050
FILE=.\src\smc_gen\r_bsp\mcu\rx26t\vecttbl.obj
                                  00120050  0012006f        20
  ___OSIS1reg
                                  00120050         4   data ,g         0
  ___OSIS2reg
                                  00120054         4   data ,g         0
  ___OSIS3reg
                                  00120058         4   data ,g         0
  ___OSIS4reg
                                  0012005c         4   data ,g         0
  ___TMINFreg
                                  00120060         4   data ,g         0
  ___MDEreg
                                  00120064         4   data ,g         0
  ___OFS0reg
                                  00120068         4   data ,g         0
  ___OFS1reg
                                  0012006c         4   data ,g         0

SECTION=$ADDR_C_120090
FILE=.\src\smc_gen\r_bsp\mcu\rx26t\vecttbl.obj
                                  00120090  00120093         4
  ___BANKSELreg
                                  00120090         4   data ,g         0

SECTION=$ADDR_C_1200A0
FILE=.\src\smc_gen\r_bsp\mcu\rx26t\vecttbl.obj
                                  001200a0  001200a3         4
  ___FAWreg
                                  001200a0         4   data ,g         0

SECTION=PResetPRG
FILE=.\src\smc_gen\r_bsp\mcu\all\resetprg.obj
                                  fff80000  fff80063        64
  _PowerON_Reset_PC
                                  fff80000        64   entry,g         1

SECTION=C_2
FILE=.\src\smc_gen\r_bsp\mcu\all\r_bsp_cpu.obj
                                  fff80064  fff80069         6
  _s_prcr_masks
                                  fff80064         6   data ,l         2

SECTION=C
FILE=.\motor_module\sensorless_vector_rx\r_motor_sensorless_vector_manager.obj
                                  fff8006c  fff80093        28
  _crnt_array$2
                                  fff8006c        14   data ,l         1
  _volterr_array$1
                                  fff80080        14   data ,l         1
FILE=.\src\smc_gen\r_bsp\mcu\all\dbsct.obj
                                  fff80094  fff800ab        18
  __CTBL
                                  fff80094        18   data ,g         0
FILE=_nfiles
                                  fff800ac  fff800af         4
  __nfiles
                                  fff800ac         4   data ,g         4
FILE=xfoprep
                                  fff800b0  fff800f7        48
  _init$1
                                  fff800b0        48   data ,l         1
FILE=consts
                                  fff800f8  fff8014f        58
  __IFZEROS
                                  fff800f8         4   data ,g         2
  __IFONES
                                  fff800fc         4   data ,g         1
  __HALFS
                                  fff80100         4   data ,g         0
  __QUOTS
                                  fff80104         4   data ,g         0
  __TWOS
                                  fff80108         4   data ,g         0
  __FOURS
                                  fff8010c         4   data ,g         0
  __PAIS
                                  fff80110         4   data ,g         1
  __2PAIS
                                  fff80114         4   data ,g         0
  __HLFPAIS
                                  fff80118         4   data ,g         1
  __QUOPAIS
                                  fff8011c         4   data ,g         1
  __LOGE2S
                                  fff80120         4   data ,g         0
  __NIFZEROS
                                  fff80124         4   data ,g         1
  __NIFONES
                                  fff80128         4   data ,g         1
  __NHALFS
                                  fff8012c         4   data ,g         1
  __NQUOTS
                                  fff80130         4   data ,g         1
  __NTWOS
                                  fff80134         4   data ,g         0
  __NFOURS
                                  fff80138         4   data ,g         0
  __NPAIS
                                  fff8013c         4   data ,g         1
  __N2PAIS
                                  fff80140         4   data ,g         0
  __NHLFPAIS
                                  fff80144         4   data ,g         0
  __NQUOPAIS
                                  fff80148         4   data ,g         0
  __NLOGE2S
                                  fff8014c         4   data ,g         0
FILE=xfopen
                                  fff80150  fff8015f        10
  _rwacc$1
                                  fff80150        10   data ,l         1
FILE=_a_atans
                                  fff80160  fff80177        18
  _atan_coef$1
                                  fff80160        18   data ,l         1
FILE=_const
                                  fff80178  fff8019b        24
  __IFNAND
                                  fff80178         0   none ,g         0
  __IFINFD
                                  fff80180         0   none ,g         0
  __NIFINFD
                                  fff80188         0   none ,g         0
  __IFNANS
                                  fff80190         0   none ,g         3
  __IFINFS
                                  fff80194         0   none ,g         1
  __NIFINFS
                                  fff80198         0   none ,g         1
FILE=_sbrk_si
                                  fff8019c  fff8019f         4
  __sbrk_size
                                  fff8019c         4   data ,g         1
FILE=floatval
                                  fff801a0  fff801c7        28
  __FLT_MAX_VAL
                                  fff801a0         0   none ,g         1
  __FLT_MIN_VAL
                                  fff801a4         0   none ,g         0
  __DBL_MAX_VAL
                                  fff801a8         0   none ,g         0
  __DBL_MIN_VAL
                                  fff801b0         0   none ,g         0
  __LDBL_MAX_VAL
                                  fff801b8         0   none ,g         0
  __LDBL_MIN_VAL
                                  fff801c0         0   none ,g         0

SECTION=C$DSEC
FILE=.\src\smc_gen\r_bsp\mcu\all\dbsct.obj
                                  fff801c8  fff801eb        24
  __DTBL
                                  fff801c8        24   data ,g         0
    struct  {
                                                   c
      __DTBL.rom_s
                                  fff801c8         4   [pointer]
      __DTBL.rom_e
                                  fff801cc         4   [pointer]
      __DTBL.ram_s
                                  fff801d0         4   [pointer]
    }

SECTION=C$BSEC
FILE=.\src\smc_gen\r_bsp\mcu\all\dbsct.obj
                                  fff801ec  fff80203        18
  __BTBL
                                  fff801ec        18   data ,g         0
    struct  {
                                                   8
      __BTBL.b_s
                                  fff801ec         4   [pointer]
      __BTBL.b_e
                                  fff801f0         4   [pointer]
    }

SECTION=C$VECT
FILE=.\src\smc_gen\r_bsp\mcu\all\resetprg.obj
                                  fff80204  fff80603       400

SECTION=D_1
FILE=.\app\board_ui\r_app_board_ui.obj
                                  fff80604  fff80605         2
FILE=.\app\rmw\r_app_rmw.obj
                                  fff80606  fff80607         2
FILE=.\motor_module\sensorless_vector_rx\r_motor_sensorless_vector_statemachine.obj
                                  fff80608  fff80613         c
FILE=ICS2_RX26T
                                  fff80614  fff80618         5
FILE=xfiles
                                  fff80619  fff80668        50

SECTION=D_2
FILE=.\app\rmw\r_app_rmw.obj
                                  fff8066a  fff8066f         6
FILE=ICS2_RX26T
                                  fff80670  fff80671         2

SECTION=D
FILE=.\motor_module\sensorless_vector_rx\r_motor_sensorless_vector_statemachine.obj
                                  fff80674  fff806a3        30
FILE=.\src\smc_gen\r_bsp\mcu\all\lowsrc.obj
                                  fff806a4  fff806b7        14
FILE=.\src\smc_gen\r_bsp\mcu\all\sbrk.obj
                                  fff806b8  fff806bb         4
FILE=xfiles
                                  fff806bc  fff80793        d8
FILE=sincosfsub
                                  fff80794  fff807cf        3c
FILE=malloc
                                  fff807d0  fff807d7         8

SECTION=W_1
FILE=.\src\smc_gen\Config_S12AD2\Config_S12AD2.obj
                                  fff807d8  fff807eb        14
FILE=.\src\smc_gen\r_bsp\mcu\all\r_bsp_cpu.obj
                                  fff807ec  fff807fb        10

SECTION=W_2
FILE=ICS2_RX26T
                                  fff807fc  fff80813        18

SECTION=L
FILE=.\src\smc_gen\r_bsp\mcu\all\dbsct.obj
                                  fff80814  fff80817         4
  _deadSpace
                                  fff80814         4   data ,g         0
FILE=.\src\smc_gen\r_bsp\mcu\all\lowsrc.obj
                                  fff80818  fff80859        42

SECTION=P
FILE=.\app\board_ui\r_app_board_ui.obj
                                  fff8085a  fff80966       10d
  _r_app_board_ui_mainloop
                                  fff8085a        c9   func ,g         1
  _r_app_board_ui_led_control
                                  fff80923        22   func ,g         2
  _r_app_board_ui_remove_sw_chattering
                                  fff80945        22   func ,g         4
FILE=.\app\board_ui\r_app_board_ui_ctrl_rx26t_mcilv1.obj
                                  fff80967  fff8097f        19
  _r_app_board_ui_get_vr1
                                  fff80967         3   func ,g         1
  _r_app_board_ui_get_sw1
                                  fff8096a         3   func ,g         2
  _r_app_board_ui_get_sw2
                                  fff8096d         3   func ,g         1
  _r_app_board_ui_led1_on
                                  fff80970         4   func ,g         1
  _r_app_board_ui_led2_on
                                  fff80974         4   func ,g         1
  _r_app_board_ui_led1_off
                                  fff80978         4   func ,g         2
  _r_app_board_ui_led2_off
                                  fff8097c         4   func ,g         2
FILE=.\app\main\r_app_main.obj
                                  fff80980  fff80a35        b6
  _main
                                  fff80980        46   func ,g         1
  _r_app_main_ui_mainloop
                                  fff809c6        58   func ,l         1
  _r_app_main_init_motor_ctrl
                                  fff80a1e         4   func ,l         1
  _r_app_main_start_motor_ctrl
                                  fff80a22        14   func ,l         1
FILE=.\app\rmw\r_app_rmw.obj
                                  fff80a36  fff80fc5       590
  _r_app_rmw_ui_init
                                  fff80a36       1c0   func ,g         2
  _r_app_rmw_ui_mainloop
                                  fff80bf6         3   func ,g         1
  _r_app_rmw_copy_com_to_buffer
                                  fff80bf9       175   func ,g         1
  _r_app_rmw_interrupt_handler
                                  fff80d6e        40   func ,g         1
  _r_app_rmw_system_mode
                                  fff80dae        64   func ,l         1
  _r_app_rmw_check_com_input
                                  fff80e12        53   func ,l         1
  _r_app_rmw_update_params
                                  fff80e65       148   func ,l         1
  _r_app_rmw_update_command
                                  fff80fad        19   func ,l         1
FILE=.\app\rmw\r_app_rmw_interrupt.obj
                                  fff80fc6  fff80fe6        21
  _ics_rxi_interrupt
                                  fff80fc6        1f   func ,l         0
  _ics_txi_interrupt
                                  fff80fe5         2   func ,l         0
FILE=.\motor_module\Config_MOTOR\Config_MOTOR.obj
                                  fff80fe7  fff810b6        d0
  _R_Config_MOTOR_Create
                                  fff80fe7         1   func ,g         0
  _R_Config_MOTOR_StartTimerCount
                                  fff80fe8         4   func ,g         1
  _R_Config_MOTOR_StopTimerCount
                                  fff80fec         4   func ,g         0
  _R_Config_MOTOR_StartTimerCtrl
                                  fff80ff0        32   func ,g         1
  _R_Config_MOTOR_StopTimerCtrl
                                  fff81022        32   func ,g         2
  _R_Config_MOTOR_UpdDuty
                                  fff81054         c   func ,g         1
  _R_Config_MOTOR_StartAD
                                  fff81060        17   func ,g         1
  _R_Config_MOTOR_StopAD
                                  fff81077        22   func ,g         0
  _R_Config_MOTOR_AdcGetConvVal
                                  fff81099        1e   func ,g         1
FILE=.\motor_module\Config_MOTOR\Config_MOTOR_user.obj
                                  fff810b7  fff810b7         1
  _R_Config_MOTOR_Create_UserInit
                                  fff810b7         1   func ,g         0
FILE=.\motor_module\current_rx\r_motor_current.obj
                                  fff810b8  fff81346       28f
  _motor_current_decoupling
                                  fff810b8        39   func ,g         1
  _motor_current_pi_control
                                  fff810f1        2d   func ,g         1
  _motor_current_rotor_angle_reset
                                  fff8111e         e   func ,g         2
  _motor_current_rotor_angle_init
                                  fff8111e         0   func ,g         1
  _motor_current_rotor_angle_update
                                  fff8112c        11   func ,g         1
  _motor_current_transform_uvw_dq_abs
                                  fff8113d        41   func ,g         1
  _motor_current_transform_dq_uvw_abs
                                  fff8117e        66   func ,g         2
  _motor_current_volt_limit
                                  fff811e4        44   func ,g         1
  _motor_current_reference_iq_set
                                  fff81228        34   func ,g         1
  _motor_current_reference_id_set
                                  fff8125c        3d   func ,g         1
  _motor_current_angle_speed_detect
                                  fff81299        ab   func ,g         1
  _motor_current_angle_get
                                  fff81344         3   func ,g         1
FILE=.\motor_module\current_rx\r_motor_current_api.obj
                                  fff81347  fff816ae       368
  _R_MOTOR_CURRENT_Open
                                  fff81347       136   func ,g         1
  _R_MOTOR_CURRENT_Close
                                  fff8147d         6   func ,g         1
  _R_MOTOR_CURRENT_Reset
                                  fff81483        60   func ,g         3
  _R_MOTOR_CURRENT_Run
                                  fff814e3         4   func ,g         1
  _R_MOTOR_CURRENT_ParameterSet
                                  fff814e7        24   func ,g         1
  _R_MOTOR_CURRENT_ParameterGet
                                  fff8150b        34   func ,g         2
  _R_MOTOR_CURRENT_ParameterUpdate
                                  fff8153f        49   func ,g         2
  _R_MOTOR_CURRENT_CurrentCyclic
                                  fff81588        99   func ,g         1
  _R_MOTOR_CURRENT_OffsetCalibration
                                  fff81621        3c   func ,g         1
  _R_MOTOR_CURRENT_CurrentOffsetRemove
                                  fff8165d        11   func ,g         1
  _R_MOTOR_CURRENT_VoltErrCompParamSet
                                  fff8166e         8   func ,g         1
  _R_MOTOR_CURRENT_BEMFObserverParameterUpdate
                                  fff81676        2d   func ,g         2
  _R_MOTOR_CURRENT_HuntingSuppress
                                  fff816a3         c   func ,g         2
FILE=.\motor_module\current_rx\r_motor_current_modulation.obj
                                  fff816af  fff81843       195
  _motor_current_svpwm_mod_start
                                  fff816af        3d   func ,l         1
  _motor_current_mod_limit_set
                                  fff816ec        3c   func ,l         1
  _motor_current_mod_init
                                  fff81728        49   func ,g         1
  _motor_current_mod_reset
                                  fff81771         1   func ,g         1
  _motor_current_mod_start
                                  fff81772        49   func ,g         1
  _motor_current_mod_vdc_set
                                  fff817bb        15   func ,g         2
  _motor_current_mod_max_duty_set
                                  fff817d0        26   func ,g         2
  _motor_current_mod_min_duty_set
                                  fff817f6        1b   func ,g         2
  _motor_current_mod_volt_err_ratio_set
                                  fff81811         3   func ,g         2
  _motor_current_mod_voltage_multiplier_get
                                  fff81814        1c   func ,g         1
  _motor_current_mod_max_va_get
                                  fff81830        14   func ,g         1
FILE=.\motor_module\current_rx\r_motor_current_pi_gain_calc.obj
                                  fff81844  fff8187f        3c
  _motor_current_pi_gain_calc
                                  fff81844        3c   func ,g         2
FILE=.\motor_module\driver_rx\r_motor_driver.obj
                                  fff81880  fff81956        d7
  _R_MOTOR_DRIVER_Open
                                  fff81880        11   func ,g         1
  _R_MOTOR_DRIVER_Close
                                  fff81891         1   func ,g         1
  _R_MOTOR_DRIVER_ParameterUpdate
                                  fff81892        33   func ,g         1
  _R_MOTOR_DRIVER_BldcAnalogGet
                                  fff818c5        42   func ,g         1
  _R_MOTOR_DRIVER_BldcDutySet
                                  fff81907        46   func ,g         4
  _R_MOTOR_DRIVER_PWMControlStop
                                  fff8194d         5   func ,g         2
  _R_MOTOR_DRIVER_PWMControlStart
                                  fff81952         5   func ,g         1
FILE=.\motor_module\general\r_motor_filter.obj
                                  fff81957  fff81acc       176
  _motor_filter_lpff
                                  fff81957         a   func ,g         0
  _motor_filter_limitf
                                  fff81961        12   func ,g         1
  _motor_filter_limit
                                  fff81973         d   func ,g         0
  _motor_filter_upper_limitf
                                  fff81980         a   func ,g         0
  _motor_filter_upper_limit
                                  fff8198a         6   func ,g         0
  _motor_filter_lower_limitf
                                  fff81990         a   func ,g         1
  _motor_filter_lower_limit
                                  fff8199a         6   func ,g         0
  _motor_filter_limitf_abs
                                  fff819a0        16   func ,g         8
  _motor_filter_limit_abs
                                  fff819b6        12   func ,g         0
  _motor_filter_second_order_lpff_init
                                  fff819c8        17   func ,g         0
  _motor_filter_second_order_lpff_reset
                                  fff819df         b   func ,g         0
  _motor_filter_second_order_lpff_gain_calc
                                  fff819ea        5d   func ,g         0
  _motor_filter_second_order_lpff
                                  fff81a47        2f   func ,g         0
  _motor_filter_first_order_lpff_init
                                  fff81a76         d   func ,g         2
  _motor_filter_first_order_lpff_reset
                                  fff81a83         7   func ,g         2
  _motor_filter_first_order_lpff_gain_calc
                                  fff81a8a        29   func ,g         3
  _motor_filter_first_order_lpff
                                  fff81ab3        1a   func ,g         3
FILE=.\motor_module\general\r_motor_pi_control.obj
                                  fff81acd  fff81b05        39
  _motor_pi_ctrl
                                  fff81acd        29   func ,g         3
  _motor_pi_ctrl_reset
                                  fff81af6         4   func ,g         1
  _motor_pi_ctrl_kp_set
                                  fff81afa         3   func ,g         0
  _motor_pi_ctrl_set_ki
                                  fff81afd         3   func ,g         0
  _motor_pi_ctrl_integrator_set
                                  fff81b00         3   func ,g         0
  _motor_pi_ctrl_integral_limit_set
                                  fff81b03         3   func ,g         1
FILE=.\motor_module\sensorless_vector_rx\r_motor_sensorless_vector_action.obj
                                  fff81b06  fff81b75        70
  _motor_sensorless_vector_act_active
                                  fff81b06        30   func ,g         1
  _motor_sensorless_vector_act_inactive
                                  fff81b36        2a   func ,g         2
  _motor_sensorless_vector_act_nowork
                                  fff81b60         3   func ,g         4
  _motor_sensorless_vector_act_reset
                                  fff81b63         9   func ,g         2
  _motor_sensorless_vector_act_error
                                  fff81b6c         a   func ,g         3
FILE=.\motor_module\sensorless_vector_rx\r_motor_sensorless_vector_api.obj
                                  fff81b76  fff81e52       2dd
  _R_MOTOR_SENSORLESS_VECTOR_Open
                                  fff81b76        3f   func ,g         1
  _R_MOTOR_SENSORLESS_VECTOR_Close
                                  fff81bb5        16   func ,g         0
  _R_MOTOR_SENSORLESS_VECTOR_Reset
                                  fff81bcb         4   func ,g         0
  _R_MOTOR_SENSORLESS_VECTOR_ParameterUpdate
[...]
                                 fff835e8
                 _R_BSP_CalcSine_Cosine
                                 fff835ec
                 _R_BSP_CalcAtan_SquareRoot
                                 fff835fd
                 _R_BSP_CalcSine_Cosine_Fpn
                                 fff83619
                 _R_BSP_CalcSine_Fpn
                                 fff83631
                 _R_BSP_CalcCosine_Fpn
                                 fff83648
                 _R_BSP_CalcAtan_SquareRoot_Fpn
                                 fff8365f
                 _R_BSP_CalcAtan_Fpn
                                 fff83687
                 _R_BSP_CalcSquareRoot_Fpn
                                 fff836a5
0053 resetprg
     SECTION=PResetPRG
                 _PowerON_Reset_PC
                                 fff80000 0059(fffffffc:RESETVECT)
     SECTION=SI
     SECTION=SU
     SECTION=C$VECT
     SECTION=EXCEPTVECT
0054 sbrk
     SECTION=B
                 __s1ptr
                                 00002068
     SECTION=P
                 _sbrk
                                 fff836cc 0097(fff85ddb:P)
     SECTION=D
     SECTION=R
0055 mcu_clocks
     SECTION=P
                 _get_iclk_freq_hz
                                 fff836ed 0046(fff82eaa:P)
                 _mcu_clock_setup
                                 fff8376b 0053(fff80028:PResetPRG)
0056 mcu_init
     SECTION=P
                 _bsp_non_existent_port_init
                                 fff83820 0041(fff82ce8:P)
0057 mcu_interrupts
     SECTION=P
                 _bsp_interrupt_enable_disable
                                 fff838b7 0048(fff831cf:P)
0058 mcu_mapped_interrupts
     SECTION=P
                 _bsp_mapped_interrupt_open
                                 fff83d55 0048(fff8314f:P)
0059 vecttbl
     SECTION=$ADDR_C_120040
                 ___SPCCreg
                                 00120040
     SECTION=$ADDR_C_120048
                 ___TMEFreg
                                 00120048
     SECTION=$ADDR_C_120050
                 ___OSIS1reg
                                 00120050
                 ___OSIS2reg
                                 00120054
                 ___OSIS3reg
                                 00120058
                 ___OSIS4reg
                                 0012005c
                 ___TMINFreg
                                 00120060
                 ___MDEreg
                                 00120064
                 ___OFS0reg
                                 00120068
                 ___OFS1reg
                                 0012006c
     SECTION=$ADDR_C_120090
                 ___BANKSELreg
                                 00120090
     SECTION=$ADDR_C_1200A0
                 ___FAWreg
                                 001200a0
     SECTION=EXCEPTVECT
                 _Except_Vectors
                                 ffffff80
     SECTION=RESETVECT
                 _Reset_Vector
                                 fffffffc
0060 Pin
     SECTION=P
                 _R_Pins_Create
                                 fff83deb
0061 ICS2_RX26T
     SECTION=B_1
                 _ics_rcom
                                 00001847 0061(fff83fc9:P)
                                          0061(fff84085:P)
     SECTION=B
                 _ics_dtc_tx
                                 000024c4 0061(fff845df:P)
                                          0061(fff84ab3:P)
     SECTION=P
                 _ics_int_sci_rxi
                                 fff83f47 0005(fff80fd6:P)
                 _ics2_watchpoint
                                 fff841b0 0004(fff80d86:P)
                 _ics2_init
                                 fff84a0d 0003(fff809ac:P)
                 _ics2_version
                                 fff84af8
                 _ics_int_sci_eri
                                 fff84afe 0061(fff83f9e:P)
                                          0061(fff84578:P)
     SECTION=D_2
     SECTION=D_1
     SECTION=B_2
     SECTION=W
     SECTION=W_1
     SECTION=W_2
     SECTION=R_1
     SECTION=R_2
0062 r_motor_current_bemf_observer
     SECTION=P
                 _motor_current_bemf_observer_start
                                 fff84b3e 0008(fff812af:P)
                 _motor_current_bemf_observer_d_calc
                                 fff84be7 0008(fff812bb:P)
                 _motor_current_bemf_observer_q_calc
                                 fff84bf7 0008(fff812c8:P)
                 _motor_current_bemf_observer_amp_calc
                                 fff84c0a
                 _motor_current_bemf_observer_init
                                 fff84c23 0009(fff81407:P)
                 _motor_current_bemf_observer_gain_calc
                                 fff84c27 0009(fff8141b:P)
                                          0009(fff8168e:P)
                 _motor_current_bemf_observer_gain_set
                                 fff84c67 0062(fff84c60:P)
                 _motor_current_bemf_observer_reset
                                 fff84c76 0009(fff814d6:P)
                                          0062(fff84c26:P)
                 _motor_current_angle_speed_pll
                                 fff84c89 0008(fff812ff:P)
                 _motor_current_angle_speed_init
                                 fff84c9f 0009(fff81433:P)
                 _motor_current_angle_speed_gain_calc
                                 fff84ca1 0009(fff81443:P)
                                          0009(fff816a0:P)
                 _motor_current_angle_speed_gain_set
                                 fff84cb8 0062(fff84cb7:P)
                 _motor_current_angle_speed_reset
                                 fff84cbd 0009(fff814e0:P)
                                          0062(fff84ca0:P)
0063 r_motor_current_volt_err_comp
     SECTION=P
                 _motor_current_volt_err_comp_init
                                 fff84cd7 0009(fff813f7:P)
                 _motor_current_volt_err_comp_reset
                                 fff84d6a
                 _motor_current_volt_err_comp_main
                                 fff84f93 0009(fff81610:P)
                 _motor_current_volt_err_comp_table_set
                                 fff85012 0009(fff81673:P)
                 _motor_current_volt_err_vlimit_set
                                 fff8508d 0009(fff81475:P)
0064 r_motor_speed_fluxwkn
     SECTION=P
                 _motor_speed_flux_weakn_init
                                 fff850bd 0021(fff8248f:P)
                 _motor_speed_flux_weakn_reset
                                 fff850ea 0021(fff82523:P)
                                          0064(fff850e9:P)
                 _motor_speed_flux_weakn_start
                                 fff850fa 0020(fff823e4:P)
                 _motor_speed_flux_weakn_motor_set
                                 fff851e5 0021(fff825b2:P)
                                          0064(fff850ca:P)
                 _motor_speed_flux_weakn_iamax_set
                                 fff85222 0021(fff825c3:P)
                                          0064(fff850d8:P)
                 _motor_speed_flux_weakn_vamax_set
                                 fff8524b 0020(fff823b8:P)
                                          0064(fff850d1:P)
                 _motor_speed_flux_weakn_vfw_ratio_set
                                 fff85266 0064(fff850df:P)
                 _motor_speed_flux_weakn_iamax_get
                                 fff8528e
                 _motor_speed_flux_weakn_vamax_get
                                 fff85291
                 _motor_speed_flux_weakn_vfw_ratio_get
                                 fff85294
                 _motor_speed_flux_weakn_status_get
                                 fff85297
                 _motor_speed_flux_weakn_error_check
                                 fff8529a 0064(fff85115:P)
                 _motor_speed_flux_weakn_invalid_parameter_check
                                 fff852a8 0064(fff850ef:P)
                 _motor_speed_flux_weakn_run_time_error_check
                                 fff852b8
0065 r_motor_speed_opl_damp_ctrl
     SECTION=P
                 _motor_speed_opl_damp_ctrl
                                 fff852c8 0021(fff82689:P)
                 _motor_speed_opl_damp_init
                                 fff85302 0021(fff824a1:P)
                 _motor_speed_opl_damp_reset
                                 fff8530f 0021(fff8252b:P)
                                          0021(fff8269c:P)
                                          0065(fff8530e:P)
                 _motor_speed_opl_damp_gain_set
                                 fff85316
                 _motor_speed_opl_damp_r_gain_set
                                 fff85321 0021(fff824d3:P)
                                          0021(fff825f7:P)
                 _motor_speed_opl_damp_limit_set
                                 fff8536f 0021(fff82604:P)
                                          0065(fff85307:P)
0066 r_motor_speed_opl2less
     SECTION=P
                 _motor_speed_opl2less_iq_calc
                                 fff85372 0021(fff82659:P)
                 _motor_speed_opl2less_torque_current_calc
                                 fff85393 0021(fff8266f:P)
0067 atan2f
     SECTION=P
                 _atan2l
                                 fff853c4
                 _atan2
                                 fff853c4
                 _atan2f
                                 fff853c4 0008(fff812dd:P)
0068 copysignf
     SECTION=P
                 _copysignl
                                 fff853ed
                 _copysign
                                 fff853ed
                 _copysignf
                                 fff853ed 0013(fff819b0:P)
                                          0020(fff82361:P)
                                          0062(fff84cd1:P)
0069 fminf
     SECTION=P
                 _fminl
                                 fff853fc
                 _fmin
                                 fff853fc
                 _fminf
                                 fff853fc 0020(fff82359:P)
0070 xfdclass
     SECTION=P
                 __FDclass
                                 fff8543a 0008(fff812e4:P)
0071 freopen
     SECTION=P
                 _freopen
                                 fff85446 0044(fff82d4c:P)
                                          0044(fff82d6a:P)
                                          0044(fff82d88:P)
0072 fclose
     SECTION=P
                 _fclose
                                 fff85473 0044(fff82dc0:P)
                                          0071(fff85455:P)
                                          0082(fff85768:P)
                                          0082(fff857c4:P)
0073 xfiles
     SECTION=R
                 __Stdin
                                 00002520 0044(fff82d20:P)
                                          0073(00002524:R)
                                          0073(00002528:R)
                                          0073(0000252c:R)
                                          0073(00002530:R)
                                          0073(00002534:R)
                                          0073(00002538:R)
                                          0073(0000253c:R)
                 __Stdout
                                 00002568 0044(fff82d2e:P)
                                          0073(0000256c:R)
                                          0073(00002570:R)
                                          0073(00002574:R)
                                          0073(00002578:R)
                                          0073(0000257c:R)
                                          0073(00002580:R)
                                          0073(00002584:R)
                 __Stderr
                                 000025b0 0044(fff82d36:P)
                                          0073(000025c8:R)
                                          0073(000025cc:R)
     SECTION=D
     SECTION=D_1
     SECTION=R_1
0074 _nfiles
     SECTION=C
                 __nfiles
                                 fff800ac 0044(fff82daa:P)
                                          0081(fff8568d:P)
                                          0083(fff857cf:P)
                                          0083(fff85836:P)
0075 __COM_DIV64u
     SECTION=P
                 __COM_DIV64u
                                 fff854c7 0046(fff82f1b:P)
                                          0046(fff82f4b:P)
0076 __initsct
     SECTION=P
                 __INITSCT
                                 fff85560 0053(fff8002c:PResetPRG)
     SECTION=C$BSEC
     SECTION=C$DSEC
0077 cosf
     SECTION=P
                 _cosl
                                 fff855aa
                 _cos
                                 fff855aa
                 _cosf
                                 fff855aa 0066(fff8537f:P)
0078 sinf
     SECTION=P
                 _sinl
                                 fff855d8
                 _sin
                                 fff855d8
                 _sinf
                                 fff855d8 0066(fff853a9:P)
0079 _i_atn2s
     SECTION=P
                 __in_atan2s
                                 fff85613 0067(fff853c5:P)
0080 xfdtest
     SECTION=P
                 __FDtest
                                 fff8563d 0069(fff85406:P)
                                          0069(fff85413:P)
                                          0070(fff85441:P)
0081 fflush
     SECTION=P
                 _fflush
                                 fff85677 0072(fff8548b:P)
                                          0081(fff8569d:P)
0082 xfoprep
     SECTION=P
                 __Foprep
                                 fff856f9 0071(fff8546d:P)
     SECTION=C
0083 xfofind
     SECTION=P
                 __Fofind
                                 fff857cb
                 __Fofree
                                 fff8580f 0072(fff854ac:P)
                                          0072(fff854b7:P)
0084 _errno
     SECTION=B
                 __errno
                                 000024d4 0067(fff853e0:P)
                                          0072(fff854be:P)
                                          0082(fff8575f:P)
                                          0088(fff85ab8:P)
                                          0091(fff85c4c:P)
0085 free
     SECTION=P
                 _free
                                 fff85858 0072(fff85498:P)
                                          0083(fff85854:P)
                                          0090(fff85bc2:P)
0086 _i_atans
     SECTION=P
                 __in_atans
                                 fff858da 0079(fff8561d:P)
0087 consts
     SECTION=C
                 __IFZEROS
                                 fff800f8 0086(fff85947:P)
                                          0094(fff85d86:P)
                 __IFONES
                                 fff800fc 0086(fff8592e:P)
                 __HALFS
                                 fff80100
                 __QUOTS
                                 fff80104
                 __TWOS
                                 fff80108
                 __FOURS
                                 fff8010c
                 __PAIS
                                 fff80110 0079(fff8562c:P)
                 __2PAIS
                                 fff80114
                 __HLFPAIS
                                 fff80118 0086(fff85920:P)
                 __QUOPAIS
                                 fff8011c 0086(fff85936:P)
                 __LOGE2S
                                 fff80120
                 __NIFZEROS
                                 fff80124 0094(fff85d8c:P)
                 __NIFONES
                                 fff80128 0086(fff8593c:P)
                 __NHALFS
                                 fff8012c 0086(fff859e0:P)
                 __NQUOTS
                                 fff80130 0086(fff859b7:P)
                 __NTWOS
                                 fff80134
                 __NFOURS
                                 fff80138
                 __NPAIS
                                 fff8013c 0079(fff85637:P)
                 __N2PAIS
                                 fff80140
                 __NHLFPAIS
                                 fff80144
                 __NQUOPAIS
                                 fff80148
                 __NLOGE2S
                                 fff8014c
0088 sincosfsub
     SECTION=P
                 ___poly_sinf
                                 fff85a3b 0078(fff855f9:P)
                                          0088(fff85a9f:P)
                                          0088(00002624:R)
                 ___poly_cosf
                                 fff85a6c 0077(fff855cd:P)
                                          0088(fff85a95:P)
                                          0088(00002628:R)
                 ___internal_sincosf
                                 fff85ad1 0077(fff855d5:P)
                                          0078(fff8560a:P)
                                          0078(fff85610:P)
     SECTION=D
     SECTION=R
0089 xfopen
     SECTION=P
                 __Fopen
                                 fff85b21 0082(fff857b6:P)
     SECTION=C
0090 malloc
     SECTION=R
                 __Aldata
                                 00002634 0085(fff8586f:P)
                                          0090(fff85b55:P)
                                          0090(fff85c1d:P)
     SECTION=P
                 _malloc
                                 fff85bca 0083(fff857fc:P)
     SECTION=D
0091 fmodf
     SECTION=P
                 _fmodl
                                 fff85c2c
                 _fmod
                                 fff85c2c
                 _fmodf
                                 fff85c2c 0088(fff85aca:P)
0092 _a_atans
     SECTION=P
                 __app_atans
                                 fff85c5b 0086(fff859aa:P)
                                          0086(fff859d0:P)
                                          0086(fff859f9:P)
                                          0086(fff85a1e:P)
     SECTION=C
0093 _i_fmds
     SECTION=P
                 __in_fmods
                                 fff85c7e 0086(fff85974:P)
                                          0091(fff85c31:P)
0094 _i_ldes
     SECTION=P
                 __in_ldexps
                                 fff85d4c 0086(fff859c4:P)
                                          0086(fff859ed:P)
0095 nanfval
     SECTION=P
                 ___nanf_value
                                 fff85dcb 0088(fff85ac0:P)
0096 _const
     SECTION=C
                 __IFNAND
                                 fff80178
                 __IFINFD
                                 fff80180
                 __NIFINFD
                                 fff80188
                 __IFNANS
                                 fff80190 0086(fff85a32:P)
                                          0093(fff85d45:P)
                                          0094(fff85d7a:P)
                 __IFINFS
                                 fff80194 0094(fff85d5e:P)
                 __NIFINFS
                                 fff80198 0094(fff85d64:P)
0097 xgetmem
     SECTION=P
                 __Getmem
                                 fff85dd2 0090(fff85baf:P)
0098 _sbrk_si
     SECTION=C
                 __sbrk_size
                                 fff8019c 0090(fff85b5b:P)
0099 floatval
     SECTION=C
                 __FLT_MAX_VAL
                                 fff801a0 0093(fff85ceb:P)
                 __FLT_MIN_VAL
                                 fff801a4
                 __DBL_MAX_VAL
                                 fff801a8
                 __DBL_MIN_VAL
                                 fff801b0
                 __LDBL_MAX_VAL
                                 fff801b8
                 __LDBL_MIN_VAL
                                 fff801c0
